// Jest Snapshot v1, https://goo.gl/fbAQLP

exports[`Calculator renders correctly 1`] = `
<DocumentFragment>
  <div
    class="max-w-xs mx-auto mt-10 p-5 border-2 border-gray-300 rounded-lg shadow-lg"
  >
    <h1
      class="text-2xl font-bold text-center text-gray-700 mb-4"
    >
      Calculator
    </h1>
    <div
      class="grid grid-cols-4 gap-2 mb-4"
    >
      <button
        class="font-semibold py-2 rounded focus:outline-none focus:ring-2 bg-gray-200 text-black hover:bg-gray-300 focus:ring-blue-300"
      >
        1
      </button>
      <button
        class="font-semibold py-2 rounded focus:outline-none focus:ring-2 bg-gray-200 text-black hover:bg-gray-300 focus:ring-blue-300"
      >
        2
      </button>
      <button
        class="font-semibold py-2 rounded focus:outline-none focus:ring-2 bg-gray-200 text-black hover:bg-gray-300 focus:ring-blue-300"
      >
        3
      </button>
      <button
        class="font-semibold py-2 rounded focus:outline-none focus:ring-2 bg-gray-200 text-black hover:bg-gray-300 focus:ring-blue-300"
      >
        4
      </button>
      <button
        class="font-semibold py-2 rounded focus:outline-none focus:ring-2 bg-gray-200 text-black hover:bg-gray-300 focus:ring-blue-300"
      >
        5
      </button>
      <button
        class="font-semibold py-2 rounded focus:outline-none focus:ring-2 bg-gray-200 text-black hover:bg-gray-300 focus:ring-blue-300"
      >
        6
      </button>
      <button
        class="font-semibold py-2 rounded focus:outline-none focus:ring-2 bg-gray-200 text-black hover:bg-gray-300 focus:ring-blue-300"
      >
        7
      </button>
      <button
        class="font-semibold py-2 rounded focus:outline-none focus:ring-2 bg-gray-200 text-black hover:bg-gray-300 focus:ring-blue-300"
      >
        8
      </button>
      <button
        class="font-semibold py-2 rounded focus:outline-none focus:ring-2 bg-gray-200 text-black hover:bg-gray-300 focus:ring-blue-300"
      >
        9
      </button>
      <button
        class="font-semibold py-2 rounded focus:outline-none focus:ring-2 col-span-2 bg-gray-200 text-black hover:bg-gray-300 focus:ring-blue-300"
      >
        0
      </button>
      <button
        class="font-semibold py-2 rounded focus:outline-none focus:ring-2 bg-blue-500 text-white hover:bg-blue-600 focus:ring-blue-300"
      >
        +
      </button>
      <button
        class="font-semibold py-2 rounded focus:outline-none focus:ring-2 bg-blue-500 text-white hover:bg-blue-600 focus:ring-blue-300"
      >
        -
      </button>
      <button
        class="font-semibold py-2 rounded focus:outline-none focus:ring-2 bg-blue-500 text-white hover:bg-blue-600 focus:ring-blue-300"
      >
        *
      </button>
      <button
        class="font-semibold py-2 rounded focus:outline-none focus:ring-2 bg-blue-500 text-white hover:bg-blue-600 focus:ring-blue-300"
      >
        /
      </button>
      <button
        class="font-semibold py-2 rounded focus:outline-none focus:ring-2 bg-blue-500 text-white hover:bg-blue-600 focus:ring-blue-300"
      >
        .
      </button>
      <button
        class="font-semibold py-2 rounded focus:outline-none focus:ring-2 col-span-2 bg-red-500 text-white hover:bg-red-600 focus:ring-red-300"
      >
        C
      </button>
      <button
        class="font-semibold py-2 rounded focus:outline-none focus:ring-2 col-span-2 bg-green-500 text-white hover:bg-green-600 focus:ring-green-300"
      >
        =
      </button>
    </div>
    <textarea
      class="w-full p-2 border-2 border-gray-300 rounded mb-2 resize-none overflow-hidden"
      style="min-height: 50px; height: 0px;"
    />
    <p
      class="text-red-500 text-sm min-h-[1.3rem]"
    />
  </div>
</DocumentFragment>
`;
